fcu_functions.c:18:6:FCU_Transmit_G	16	static
fcu_functions.c:31:6:FCU_Transmit_D	24	static
fcu_functions.c:45:6:FCU_Transmit_C	16	static
fcu_functions.c:61:6:FCU_Affich_Clear	16	static
fcu_functions.c:84:6:FCU_Affich_Init	8	static
fcu_functions.c:130:6:FCU_TransmitSW	32	static
fcu_functions.c:145:9:FCU_ReceiveSW	40	static
fcu_functions.c:160:6:FCU_Switchs_Init	16	static
fcu_functions.c:175:6:FCU_API_Init	0	static
fcu_functions.c:276:6:FCU_State_Init	8	static
fcu_functions.c:295:5:FCU_Check_Changes	40	static
fcu_functions.c:346:6:FCU_Switch_direction	48	static
fcu_functions.c:315:6:FCU_Transmit_To_Sim	40	static
